// Jest Snapshot v1, https://goo.gl/fbAQLP

exports[`TestSample 1`] = `
<h1
  className="sc-bdvvaa btYIOi"
>
  message
</h1>
`;
